// Jest Snapshot v1, https://goo.gl/fbAQLP

exports[`Link ui match snapshot 1`] = `
<a
  class=""
  href="/"
>
  link
</a>
`;
