// Jest Snapshot v1, https://goo.gl/fbAQLP

exports[`Text ui match snapshot 1`] = `
<div
  class="text s regular left"
>
  Text
</div>
`;
