// Jest Snapshot v1, https://goo.gl/fbAQLP

exports[`Switcher ui match snapshot 1`] = `
<div>
  С пополнением
</div>
`;
