// Jest Snapshot v1, https://goo.gl/fbAQLP

exports[`Icon ui match snapshot 1`] = `
<img
  alt=""
  data-testid="action-add-card"
  height="24"
  width="24"
/>
`;
