// Jest Snapshot v1, https://goo.gl/fbAQLP

exports[`Radio ui match snapshot 1`] = `
<div
  class="radio"
  data-testid="radio"
>
  <input
    type="radio"
  />
  <label>
    Radio
  </label>
</div>
`;
