// Jest Snapshot v1, https://goo.gl/fbAQLP

exports[`Input ui match snapshot 1`] = `
<input
  class=""
  pattern=""
  placeholder="Input"
  type="text"
  value=""
/>
`;
