// Jest Snapshot v1, https://goo.gl/fbAQLP

exports[`Form ui match snapshot 1`] = `
<form
  class="form"
>
  Form
</form>
`;
