// Jest Snapshot v1, https://goo.gl/fbAQLP

exports[`Container ui match snapshot 1`] = `
<div
  class="container"
>
  Container
</div>
`;
